// Jest Snapshot v1, https://goo.gl/fbAQLP

exports[`CertificateCatalogue Matches Snapshot 1`] = `
"<Fragment>
  <div className=\\"GenericCatalogueFunc_Wrap sectionWrapper\\">
    <section>
      <button type=\\"button\\" className=\\"button-two\\" onClick={[Function: onClick]}>
        Create New 
        Demo Item
      </button>
    </section>
    <section style={{...}}>
      <p>
        <b>
          Adjust the filters below to search for 
          Demo Item
          s
        </b>
      </p>
      <SearchAndSelect searchFunction={[Function]} initialFilters={{...}} availableFilters={[undefined]} handleSelect={[Function: bound _dispatchAction]} headings={{...}} previewHeadings={{...}} autoWidth={false} autoUpdate={true} showRefreshBtn={true} showSearchField={true} loadOnInit={false} noEmptySearch={true} allowSelectionPreview={true} />
    </section>
  </div>
</Fragment>"
`;
